// Jest Snapshot v1, https://goo.gl/fbAQLP

exports[`<Header /> should render a div 1`] = `
<div>
  <div
    class="NavBar-sc-3k9luy-0 bRfSfk"
  >
    <a
      class="HeaderLink-sc-1c99a2i-0 dsIHFQ"
      href="/"
    >
      <span>
        Home
      </span>
    </a>
    <a
      class="HeaderLink-sc-1c99a2i-0 dsIHFQ"
      href="/data"
    >
      <span>
        Data
      </span>
    </a>
    <a
      class="HeaderLink-sc-1c99a2i-0 dsIHFQ"
      href="/charts"
    >
      <span>
        Charts
      </span>
    </a>
  </div>
</div>
`;
