// Jest Snapshot v1, https://goo.gl/fbAQLP

exports[`<App /> should render and match the snapshot 1`] = `
<ForwardRef>
  <HelmetWrapper
    defaultTitle="Cointosis"
    defer={true}
    encodeSpecialCharacters={true}
    titleTemplate="%s Cointosis"
  >
    <meta
      content="Financial Market Trading Advisor"
      name="description"
    />
  </HelmetWrapper>
  <Header />
  <Switch>
    <Route
      component={[Function]}
      exact={true}
      path="/"
    />
    <Route
      component={
        Object {
          "$$typeof": Symbol(react.memo),
          "WrappedComponent": [Function],
          "compare": null,
          "displayName": "Connect(Component)",
          "type": [Function],
        }
      }
      path="/data"
    />
    <Route
      component={[Function]}
      path=""
    />
  </Switch>
  <Footer />
  <GlobalStyleComponent />
</ForwardRef>
`;
